// Jest Snapshot v1, https://goo.gl/fbAQLP

exports[`BucketReplicationStack Snapshot 1`] = `
{
  "Outputs": {
    "ReplicationRoleArn": {
      "Value": {
        "Fn::GetAtt": [
          "ReplicationRoleCE149CEC",
          "Arn",
        ],
      },
    },
  },
  "Parameters": {
    "BootstrapVersion": {
      "Default": "/cdk-bootstrap/hnb659fds/version",
      "Description": "Version of the CDK Bootstrap resources in this environment, automatically retrieved from SSM Parameter Store. [cdk:skip]",
      "Type": "AWS::SSM::Parameter::Value<String>",
    },
  },
  "Resources": {
    "ReplicationRoleCE149CEC": {
      "Properties": {
        "AssumeRolePolicyDocument": {
          "Statement": [
            {
              "Action": "sts:AssumeRole",
              "Effect": "Allow",
              "Principal": {
                "Service": "s3.amazonaws.com",
              },
            },
          ],
          "Version": "2012-10-17",
        },
      },
      "Type": "AWS::IAM::Role",
    },
    "ReplicationRoleDefaultPolicy80AD15BB": {
      "Properties": {
        "PolicyDocument": {
          "Statement": [
            {
              "Action": "s3:ReplicateObject",
              "Effect": "Allow",
              "Resource": {
                "Fn::Join": [
                  "",
                  [
                    "arn:",
                    {
                      "Ref": "AWS::Partition",
                    },
                    ":s3:::test-source-bucket/converted/*",
                  ],
                ],
              },
            },
            {
              "Action": [
                "s3:GetReplicationConfiguration",
                "s3:ListBucket",
              ],
              "Effect": "Allow",
              "Resource": {
                "Fn::Join": [
                  "",
                  [
                    "arn:",
                    {
                      "Ref": "AWS::Partition",
                    },
                    ":s3:::test-source-bucket",
                  ],
                ],
              },
            },
            {
              "Action": [
                "s3:GetObjectVersion",
                "s3:GetObjectVersionAcl",
              ],
              "Effect": "Allow",
              "Resource": {
                "Fn::Join": [
                  "",
                  [
                    "arn:",
                    {
                      "Ref": "AWS::Partition",
                    },
                    ":s3:::test-source-bucket/converted/*",
                  ],
                ],
              },
            },
          ],
          "Version": "2012-10-17",
        },
        "PolicyName": "ReplicationRoleDefaultPolicy80AD15BB",
        "Roles": [
          {
            "Ref": "ReplicationRoleCE149CEC",
          },
        ],
      },
      "Type": "AWS::IAM::Policy",
    },
  },
  "Rules": {
    "CheckBootstrapVersion": {
      "Assertions": [
        {
          "Assert": {
            "Fn::Not": [
              {
                "Fn::Contains": [
                  [
                    "1",
                    "2",
                    "3",
                    "4",
                    "5",
                  ],
                  {
                    "Ref": "BootstrapVersion",
                  },
                ],
              },
            ],
          },
          "AssertDescription": "CDK bootstrap stack version 6 required. Please run 'cdk bootstrap' with a recent version of the CDK CLI.",
        },
      ],
    },
  },
}
`;
